# Generated by sshush v0.0.0-dev
# From testdata/ciscos.yml

# ciscos
Host cs*.foo.adm
    Ciphers aes128-ctr,aes192-ctr,aes256-ctr,aes128-cbc,3des-cbc
    HostKeyAlgorithms ssh-rsa,ssh-dss
    KexAlgorithms +diffie-hellman-group1-sha1
    PubkeyAuthentication no

Host fooas*.adm
    Ciphers aes128-ctr,aes192-ctr,aes256-ctr,aes128-cbc,3des-cbc
    HostKeyAlgorithms ssh-rsa,ssh-dss
    KexAlgorithms +diffie-hellman-group1-sha1
    PubkeyAuthentication no

Host foocr01.adm
    HostName foocr01.adm
    Ciphers aes128-ctr,aes192-ctr,aes256-ctr,aes128-cbc,3des-cbc
    HostKeyAlgorithms ssh-rsa,ssh-dss
    KexAlgorithms +diffie-hellman-group1-sha1
    PubkeyAuthentication no

Host foocs*.adm
    Ciphers aes128-ctr,aes192-ctr,aes256-ctr,aes128-cbc,3des-cbc
    HostKeyAlgorithms ssh-rsa,ssh-dss
    KexAlgorithms +diffie-hellman-group1-sha1
    PubkeyAuthentication no
