[31m[1m"[0m[31mIdentifier: [0m[31m[1m"[0m [31m[1m"[0m[31mweb_servers[0m[31m[1m"[0m
--- testdata/dryrun_nofile.golden (Old)
+++ testdata/dryrun_nofile.golden (New)
@@ -1 +1,13 @@
[32m+# Generated by sshush v0.0.0-dev
[32m+# From testdata/aws.yml
[0m 
[32m+# web_servers
[32m+Host projects-aws
[32m+    HostName projects-aws.example.com
[32m+    IdentityFile ~/.ssh/aws
[32m+    Port 2201
[32m+    User ben
[32m+
[32m+# Global config
[32m+Host *
[32m+    UseRoaming no

