# Generated by sshush v0.0.0-dev
# From testdata/example2.yml

# foo_bar
Host foo_bar_aws
    HostName 1.2.3.4
    IdentityFile ~/.ssh/foobar.pem
    User ubuntu

# private_foos
Host foobar-0
    HostName 10.25.0.1
    IdentityFile ~/.ssh/foobar.pem
    ProxyCommand ssh foo_bar_aws nc %h %p 2> /dev/null
    User ubuntu

Host foobar-1
    HostName 10.25.0.2
    IdentityFile ~/.ssh/foobar.pem
    ProxyCommand ssh foo_bar_aws nc %h %p 2> /dev/null
    User ubuntu

Host foobar-2
    HostName 10.25.0.3
    IdentityFile ~/.ssh/foobar.pem
    ProxyCommand ssh foo_bar_aws nc %h %p 2> /dev/null
    User ubuntu

Host foobar-3
    HostName 10.25.0.4
    IdentityFile ~/.ssh/foobar.pem
    ProxyCommand ssh foo_bar_aws nc %h %p 2> /dev/null
    User ubuntu

# debian_nodes
Host foobar-vpn0
    HostName 10.25.0.100
    IdentityFile ~/.ssh/foobar.pem
    ProxyCommand ssh foo_bar_aws nc %h %p 2> /dev/null
    User admin

Host foobar-vpn1
    HostName 10.25.0.101
    IdentityFile ~/.ssh/foobar.pem
    ProxyCommand ssh foo_bar_aws nc %h %p 2> /dev/null
    User admin

# direct_list
Host bar1.adm
    HostName bar1.adm

Host foo1.adm
    HostName foo1.adm
