# Generated by sshush v0.0.0-dev
# From testdata/prefix.yml

# web_servers
Host projects-aws
    HostName projects-aws.example.com
    IdentityFile ~/.ssh/aws
    Port 2201
    User ben

Host projects-do-1
    HostName projects-do-1.example.com
    IdentityFile ~/.ssh/digital_ocean
    Port 2201
    User ben

Host projects-do-2
    HostName projects-do-2.example.com
    IdentityFile ~/.ssh/digital_ocean
    Port 2201
    User ben

# Global config
Host *
    UseRoaming no
