# Generated by sshush v0.0.0-dev
# From testdata/aws.yml, testdata/example.yml, testdata/ciscos2.yml

# web_servers
Host projects-aws
    HostName projects-aws.example.com
    IdentityFile ~/.ssh/aws
    Port 2201
    User ben

# raspberry_pis
Host pi1
    HostName 192.168.0.107
    IdentityFile ~/.ssh/id_rsa
    User pi

Host pi2
    HostName 192.168.0.108
    IdentityFile ~/.ssh/id_rsa
    LocalForward 8080 127.0.0.1:80
    LocalForward 8443 127.0.0.1:443
    User pi

# list_config_test_case
Host lf_test_1
    HostName 192.168.0.109
    IdentityFile ~/.ssh/id_rsa
    LocalForward 8080 127.0.0.1:80
    LocalForward 8443 127.0.0.1:443
    User ben

# local
Host kodi
    HostName 192.168.0.200
    IdentityFile ~/.ssh/id_rsa
    User ben

Host router
    HostName 192.168.0.1
    IdentityFile ~/.ssh/id_rsa
    User root

# work
Host gitlab
    HostName 10.0.0.30
    IdentityFile ~/.ssh/id_rsa
    User bcromwell

Host jenkins
    HostName 10.0.0.20
    IdentityFile ~/.ssh/id_rsa
    User bcromwell

Host workpc
    HostName 10.0.0.80
    IdentityFile ~/.ssh/id_rsa
    User bcromwell

# ciscos
Host as1.office.adm
    HostName as1.office.adm
    Ciphers aes128-ctr,aes192-ctr,aes256-ctr,aes128-cbc,3des-cbc
    HostKeyAlgorithms ssh-rsa,ssh-dss
    IdentityFile ~/.ssh/id_rsa
    KexAlgorithms +diffie-hellman-group1-sha1
    PubkeyAuthentication no
    User ben

Host as2.office.adm
    HostName as2.office.adm
    Ciphers aes128-ctr,aes192-ctr,aes256-ctr,aes128-cbc,3des-cbc
    HostKeyAlgorithms ssh-rsa,ssh-dss
    IdentityFile ~/.ssh/id_rsa
    KexAlgorithms +diffie-hellman-group1-sha1
    PubkeyAuthentication no
    User ben

Host as3.office.adm
    HostName as3.office.adm
    Ciphers aes128-ctr,aes192-ctr,aes256-ctr,aes128-cbc,3des-cbc
    HostKeyAlgorithms ssh-rsa,ssh-dss
    IdentityFile ~/.ssh/id_rsa
    KexAlgorithms +diffie-hellman-group1-sha1
    PubkeyAuthentication no
    User ben

Host as4.office.adm
    HostName as4.office.adm
    Ciphers aes128-ctr,aes192-ctr,aes256-ctr,aes128-cbc,3des-cbc
    HostKeyAlgorithms ssh-rsa,ssh-dss
    IdentityFile ~/.ssh/id_rsa
    KexAlgorithms +diffie-hellman-group1-sha1
    PubkeyAuthentication no
    User ben

Host cs1.office.adm
    HostName cs1.office.adm
    Ciphers aes128-ctr,aes192-ctr,aes256-ctr,aes128-cbc,3des-cbc
    HostKeyAlgorithms ssh-rsa,ssh-dss
    IdentityFile ~/.ssh/id_rsa
    KexAlgorithms +diffie-hellman-group1-sha1
    PubkeyAuthentication no
    User ben

Host cs2.office.adm
    HostName cs2.office.adm
    Ciphers aes128-ctr,aes192-ctr,aes256-ctr,aes128-cbc,3des-cbc
    HostKeyAlgorithms ssh-rsa,ssh-dss
    IdentityFile ~/.ssh/id_rsa
    KexAlgorithms +diffie-hellman-group1-sha1
    PubkeyAuthentication no
    User ben

Host ms1.office.adm
    HostName ms1.office.adm
    Ciphers aes128-ctr,aes192-ctr,aes256-ctr,aes128-cbc,3des-cbc
    HostKeyAlgorithms ssh-rsa,ssh-dss
    IdentityFile ~/.ssh/id_rsa
    KexAlgorithms +diffie-hellman-group1-sha1
    PubkeyAuthentication no
    User ben

Host oldas*.adm
    Ciphers aes128-ctr,aes192-ctr,aes256-ctr,aes128-cbc,3des-cbc
    HostKeyAlgorithms ssh-rsa,ssh-dss
    IdentityFile ~/.ssh/id_rsa
    KexAlgorithms +diffie-hellman-group1-sha1
    PubkeyAuthentication no
    User ben

Host oldcs*.adm
    Ciphers aes128-ctr,aes192-ctr,aes256-ctr,aes128-cbc,3des-cbc
    HostKeyAlgorithms ssh-rsa,ssh-dss
    IdentityFile ~/.ssh/id_rsa
    KexAlgorithms +diffie-hellman-group1-sha1
    PubkeyAuthentication no
    User ben

Host ps1.office.adm
    HostName ps1.office.adm
    Ciphers aes128-ctr,aes192-ctr,aes256-ctr,aes128-cbc,3des-cbc
    HostKeyAlgorithms ssh-rsa,ssh-dss
    IdentityFile ~/.ssh/id_rsa
    KexAlgorithms +diffie-hellman-group1-sha1
    PubkeyAuthentication no
    User ben

Host ps2.office.adm
    HostName ps2.office.adm
    Ciphers aes128-ctr,aes192-ctr,aes256-ctr,aes128-cbc,3des-cbc
    HostKeyAlgorithms ssh-rsa,ssh-dss
    IdentityFile ~/.ssh/id_rsa
    KexAlgorithms +diffie-hellman-group1-sha1
    PubkeyAuthentication no
    User ben

# older_ciscos
Host cr1.office2.adm
    HostName cr1.office2.adm
    Ciphers aes128-cbc,3des-cbc,aes192-cbc,aes256-cbc
    HostKeyAlgorithms ssh-rsa,ssh-dss
    IdentityFile ~/.ssh/id_rsa
    KexAlgorithms +diffie-hellman-group1-sha1
    PubkeyAuthentication no
    User ben

Host es*.office.adm
    Ciphers aes128-cbc,3des-cbc,aes192-cbc,aes256-cbc
    HostKeyAlgorithms ssh-rsa,ssh-dss
    IdentityFile ~/.ssh/id_rsa
    KexAlgorithms +diffie-hellman-group1-sha1
    PubkeyAuthentication no
    User ben

# Global config
Host *
    UseRoaming no
